// Jest Snapshot v1, https://goo.gl/fbAQLP

exports[`>>>Input--- Snapshot +++capturing Snapshot of Input 1`] = `
<div
  className=" nymphea_input "
>
  <div
    className=" nymphea_input__field "
  >
    <div
      className=" nymphea_input__popup_label  bottom center "
      data-position="bottom right"
    >
      <input
        max=""
        maxLength=""
        min=""
        onChange={[Function]}
        pattern=""
        placeholder=""
        title=""
        type="text"
        value=""
      />
    </div>
  </div>
</div>
`;
